<html>
<body>
<pre>
<h1>µVision Build Log</h1>
<h2>Tool Versions:</h2>
IDE-Version: ¦ÌVision V5.36.0.0
Copyright (C) 2021 ARM Ltd and ARM Germany GmbH. All rights reserved.
License Information: 1 bear, HP Inc., LIC=32B1Q-N4T64-12VLE-5TGTS-86HJQ-83Q0G
 
Tool Versions:
Toolchain:       MDK-ARM Plus  Version: 5.36.0.0
Toolchain Path:  C:\Keil_V5\ARM\ARMCLANG\Bin
C Compiler:      ArmClang.exe V6.16
Assembler:       Armasm.exe V6.16
Linker/Locator:  ArmLink.exe V6.16
Library Manager: ArmAr.exe V6.16
Hex Converter:   FromElf.exe V6.16
CPU DLL:         SARMCM3.DLL V5.36.0.0
Dialog DLL:      DCM.DLL V1.17.3.0
Target DLL:      Segger\JL2CM3.dll V2.99.40.0
Dialog DLL:      TCM.DLL V1.53.0.0
 
<h2>Project:</h2>
C:\nrf52840\my_demo\examples\ble_peripheral\main.uvprojx
Project File Date:  08/03/2025

<h2>Output:</h2>
*** Using Compiler 'V6.16', folder: 'C:\Keil_V5\ARM\ARMCLANG\Bin'
Rebuild target 'Target 1'
compiling debug_log.cc...
compiling main.cc...
compiling micro_log.cc...
compiling error_reporter.cc...
compiling portable_tensor_utils.cc...
compiling schema_utils.cc...
compiling micro_op_resolver.cc...
compiling common.cc...
compiling flatbuffer_conversions_bridge.cc...
compiling micro_interpreter.cc...
compiling micro_interpreter_context.cc...
compiling flatbuffer_utils.cc...
compiling micro_allocator.cc...
compiling greedy_memory_planner.cc...
compiling micro_context.cc...
compiling linear_memory_planner.cc...
compiling memory_helpers.cc...
compiling micro_resource_variable.cc...
compiling micro_interpreter_graph.cc...
compiling flatbuffer_conversions.cc...
compiling tensor_ctypes.cc...
compiling micro_error_reporter.cc...
compiling nrfx_uart.c...
compiling persistent_arena_buffer_allocator.cc...
compiling nrf_drv_uart.c...
compiling nrfx_prs.c...
compiling nrfx_uarte.c...
compiling raw_rcc_data_x_pre_process.c...
compiling micro_allocation_info.cc...
compiling led.c...
compiling app_error.c...
compiling non_persistent_arena_buffer_allocator.cc...
compiling single_arena_buffer_allocator.cc...
compiling app_error_weak.c...
compiling micro_utils.cc...
compiling app_util_platform.c...
compiling nrf_assert.c...
compiling retarget.c...
compiling nrf_strerror.c...
compiling app_uart_fifo.c...
compiling app_fifo.c...
compiling boards.c...
compiling FFT_instance.c...
compiling features_extraction.c...
compiling filtering_preprocessing.c...
compiling WindowFunctions.c...
compiling frequency_integral.c...
compiling hilbert_and_envelope_signal.c...
compiling constants.cc...
compiling common_internal.cc...
compiling integration.c...
compiling model_keras_to_tflite.cc...
compiling svm_params.c...
compiling kernel_util.cc...
compiling confusion_matrix_and_metrics.c...
compiling quantization_util.cc...
compiling micro_kernel_util.cc...
compiling main_functions.cc...
compiling reshape_common.cc...
compiling reshape.cc...
compiling dequantize_common.cc...
compiling quantize.cc...
compiling dequantize.cc...
compiling quantize_common.cc...
compiling depthwise_conv.cc...
compiling fully_connected.cc...
compiling add.cc...
compiling conv.cc...
compiling mul.cc...
compiling pooling.cc...
compiling softmax.cc...
compiling conv_common.cc...
compiling arm_depthwise_conv_get_buffer_sizes_s4.c...
compiling arm_depthwise_conv_get_buffer_sizes_s8.c...
compiling arm_depthwise_conv_wrapper_s4.c...
compiling arm_depthwise_conv_s16.c...
compiling arm_depthwise_conv_wrapper_s8.c...
compiling depthwise_conv_common.cc...
compiling arm_depthwise_conv_s4_opt.c...
compiling fully_connected_common.cc...
compiling arm_depthwise_conv_s8.c...
compiling softmax_common.cc...
compiling pooling_common.cc...
compiling add_common.cc...
compiling arm_depthwise_conv_s8_opt.c...
compiling arm_depthwise_conv_3x3_s8.c...
compiling mul_common.cc...
compiling arm_depthwise_conv_s4.c...
compiling arm_convolve_1x1_s8_fast.c...
compiling arm_convolve_s4.c...
compiling arm_convolve_get_buffer_sizes_s8.c...
compiling arm_convolve_get_buffer_sizes_s16.c...
compiling arm_convolve_wrapper_s4.c...
compiling arm_convolve_wrapper_s8.c...
compiling arm_convolve_1x1_s4_fast.c...
compiling arm_convolve_wrapper_s16.c...
compiling arm_convolve_1_x_n_s8.c...
compiling arm_convolve_1x1_s4.c...
compiling arm_convolve_fast_s16.c...
compiling arm_convolve_s8.c...
compiling arm_convolve_1x1_s8.c...
compiling arm_fully_connected_get_buffer_sizes_s8.c...
compiling arm_convolve_s16.c...
compiling arm_fully_connected_s4.c...
compiling arm_fully_connected_s8.c...
compiling arm_fully_connected_s16.c...
compiling arm_fully_connected_get_buffer_sizes_s16.c...
compiling arm_avgpool_s16.c...
compiling arm_max_pool_s8.c...
compiling arm_avgpool_get_buffer_sizes_s8.c...
compiling arm_avgpool_get_buffer_sizes_s16.c...
compiling arm_avgpool_s8.c...
compiling arm_softmax_s8.c...
compiling arm_max_pool_s16.c...
compiling arm_softmax_s8_s16.c...
compiling arm_softmax_s16.c...
compiling arm_nn_mat_mult_kernel_s4_s16.c...
compiling arm_nn_mat_mult_nt_t_s8.c...
compiling arm_nn_mat_mult_nt_t_s4.c...
compiling arm_nn_mat_mult_kernel_s8_s16.c...
compiling arm_nn_mat_mul_kernel_s16.c...
compiling arm_nn_vec_mat_mult_t_s4.c...
compiling arm_nn_vec_mat_mult_t_s8.c...
compiling arm_nn_vec_mat_mult_t_s16.c...
compiling arm_nn_softmax_common_s8.c...
compiling arm_q7_to_q15_with_offset.c...
compiling arm_vector_sum_s8.c...
compiling arm_s8_to_s16_unordered_with_offset.c...
compiling arm_elementwise_mul_s8.c...
compiling arm_elementwise_mul_s16.c...
compiling arm_elementwise_add_s8.c...
compiling arm_elementwise_add_s16.c...
compiling BasicMathFunctionsF16.c...
compiling BayesFunctions.c...
compiling BasicMathFunctions.c...
compiling BayesFunctionsF16.c...
compiling CommonTablesF16.c...
compiling ComplexMathFunctionsF16.c...
compiling ControllerFunctions.c...
compiling ComplexMathFunctions.c...
compiling CommonTables.c...
compiling DistanceFunctions.c...
compiling FastMathFunctions.c...
compiling FastMathFunctionsF16.c...
compiling DistanceFunctionsF16.c...
compiling InterpolationFunctions.c...
compiling FilteringFunctionsF16.c...
compiling InterpolationFunctionsF16.c...
compiling QuaternionMathFunctions.c...
compiling SVMFunctions.c...
compiling SVMFunctionsF16.c...
compiling MatrixFunctionsF16.c...
compiling StatisticsFunctionsF16.c...
compiling SupportFunctionsF16.c...
compiling retarget_io.c...
compiling StatisticsFunctions.c...
compiling SupportFunctions.c...
compiling MatrixFunctions.c...
compiling system_nrf52.c...
compiling TransformFunctionsF16.c...
assembling arm_startup_nrf52840.s...
compiling FilteringFunctions.c...
compiling TransformFunctions.c...
linking...
Program Size: Code=190558 RO-data=519918 RW-data=48 ZI-data=120784  
FromELF: creating hex file...
".\Objects\main.axf" - 0 Error(s), 0 Warning(s).

<h2>Software Packages used:</h2>

Package Vendor: ARM
                http://www.keil.com/pack/ARM.CMSIS.5.9.0.pack
                ARM.CMSIS.5.9.0
                CMSIS (Common Microcontroller Software Interface Standard)
   * Component: CORE Version: 5.6.0

Package Vendor: ARM
                https://www.keil.com/pack/ARM.CMSIS-DSP.1.14.4.pack
                ARM.CMSIS-DSP.1.14.4
                CMSIS Embedded Compute Library
   * Component: DSP Variant: Source Version: 1.14.4

Package Vendor: NordicSemiconductor
                http://developer.nordicsemi.com/nRF5_SDK/pieces/nRF_DeviceFamilyPack/NordicSemiconductor.nRF_DeviceFamilyPack.8.52.0.pack
                NordicSemiconductor.nRF_DeviceFamilyPack.8.52.0
                Nordic Semiconductor nRF ARM devices Device Family Pack with BSD license.
   * Component: Startup Version: 8.52.0

Package Vendor: Keil
                http://www.keil.com/pack/Keil.ARM_Compiler.1.6.3.pack
                Keil.ARM_Compiler.1.6.3
                Keil ARM Compiler extensions for ARM Compiler 5 and ARM Compiler 6
   * Component: STDERR Variant: Breakpoint Version: 1.2.0
   * Component: STDIN Variant: Breakpoint Version: 1.2.0
   * Component: STDOUT Variant: Breakpoint Version: 1.2.0

<h2>Collection of Component include folders:</h2>
  .\RTE\_Target_1
  C:\Keil_V5\ARM\PACK\ARM\CMSIS-DSP\1.14.4\Include
  C:\Keil_V5\ARM\PACK\ARM\CMSIS-DSP\1.14.4\PrivateInclude
  C:\Keil_V5\ARM\PACK\ARM\CMSIS\5.9.0\CMSIS\Core\Include
  C:\Keil_V5\ARM\PACK\NordicSemiconductor\nRF_DeviceFamilyPack\8.52.0\Device\Include

<h2>Collection of Component Files used:</h2>

   * Component: ARM::CMSIS:CORE:5.6.0

   * Component: ARM::CMSIS:DSP:Source:1.14.4
      Source file:   Source\QuaternionMathFunctions\QuaternionMathFunctions.c
      Include file:  Include\arm_common_tables_f16.h
      Source file:   Source\ComplexMathFunctions\ComplexMathFunctions.c
      Source file:   Source\ControllerFunctions\ControllerFunctions.c
      Include file:  Include\arm_math_f16.h
      Source file:   Source\FastMathFunctions\FastMathFunctions.c
      Source file:   Source\FilteringFunctions\FilteringFunctions.c
      Include file:  Include\arm_const_structs.h
      Source file:   Source\BayesFunctions\BayesFunctions.c
      Source file:   Source\BasicMathFunctions\BasicMathFunctions.c
      Source file:   Source\DistanceFunctions\DistanceFunctions.c
      Include file:  Include\arm_common_tables.h
      Source file:   Source\MatrixFunctions\MatrixFunctions.c
      Source file:   Source\StatisticsFunctions\StatisticsFunctions.c
      Source file:   Source\SupportFunctions\SupportFunctions.c
      Source file:   Source\SVMFunctions\SVMFunctions.c
      Source file:   Source\CommonTables\CommonTables.c
      Include file:  Include\arm_math.h
      Include file:  Include\arm_const_structs_f16.h
      Source file:   Source\FilteringFunctions\FilteringFunctionsF16.c
      Source file:   Source\SVMFunctions\SVMFunctionsF16.c
      Source file:   Source\FastMathFunctions\FastMathFunctionsF16.c
      Source file:   Source\TransformFunctions\TransformFunctions.c
      Source file:   Source\CommonTables\CommonTablesF16.c
      Source file:   Source\MatrixFunctions\MatrixFunctionsF16.c
      Source file:   Source\DistanceFunctions\DistanceFunctionsF16.c
      Source file:   Source\ComplexMathFunctions\ComplexMathFunctionsF16.c
      Source file:   Source\BayesFunctions\BayesFunctionsF16.c
      Source file:   Source\InterpolationFunctions\InterpolationFunctions.c
      Source file:   Source\TransformFunctions\TransformFunctionsF16.c
      Source file:   Source\SupportFunctions\SupportFunctionsF16.c
      Source file:   Source\InterpolationFunctions\InterpolationFunctionsF16.c
      Source file:   Source\BasicMathFunctions\BasicMathFunctionsF16.c
      Source file:   Source\StatisticsFunctions\StatisticsFunctionsF16.c

   * Component: Keil.ARM Compiler::Compiler:I/O:STDERR:Breakpoint:1.2.0
      Source file:   Source\retarget_io.c

   * Component: Keil.ARM Compiler::Compiler:I/O:STDIN:Breakpoint:1.2.0
      Source file:   Source\retarget_io.c

   * Component: Keil.ARM Compiler::Compiler:I/O:STDOUT:Breakpoint:1.2.0
      Source file:   Source\retarget_io.c

   * Component: NordicSemiconductor::Device:Startup:8.52.0
      Source file:   Device\Source\arm\arm_startup_nrf52840.s
      Source file:   Device\Source\system_nrf52.c
      Include file:  Device\Include\system_nrf52.h
      Include file:  Device\Include\system_nrf.h
Build Time Elapsed:  00:01:12
</pre>
</body>
</html>
